// Jest Snapshot v1, https://goo.gl/fbAQLP

exports[`guard duty handler errors if cannot parse version id in the event 1`] = `"Could not determine filename or extension from key: pdf-template/client-id/template-id/unexpected-file-name"`;

exports[`guard duty handler errors if the event has unknown file-type 1`] = `
"[
  {
    "code": "invalid_value",
    "values": [
      "docx-template",
      "pdf-template",
      "test-data",
      "proofs"
    ],
    "path": [
      "file-type"
    ],
    "message": "Invalid option: expected one of \\"docx-template\\"|\\"pdf-template\\"|\\"test-data\\"|\\"proofs\\""
  }
]"
`;

exports[`guard duty handler errors if the event is missing file-type 1`] = `"Invalid object key "client-id/template-id/template-version-id.pdf": expected 4 or 5 path segments, got 3"`;

exports[`guard duty handler errors if the event is missing object key 1`] = `
"[
  {
    "expected": "string",
    "code": "invalid_type",
    "path": [
      "detail",
      "s3ObjectDetails",
      "objectKey"
    ],
    "message": "Invalid input: expected string, received undefined"
  }
]"
`;

exports[`guard duty handler errors if the event is missing scan result 1`] = `
"[
  {
    "code": "invalid_value",
    "values": [
      "NO_THREATS_FOUND"
    ],
    "path": [
      "detail",
      "scanResultDetails",
      "scanResultStatus"
    ],
    "message": "Invalid input: expected \\"NO_THREATS_FOUND\\""
  }
]"
`;

exports[`guard duty handler errors if the event is missing template id 1`] = `"Invalid object key "pdf-template/client-id/template-version-id.pdf": expected 4 or 5 path segments, got 3"`;

exports[`guard duty handler errors if the event is missing template owner 1`] = `"Invalid object key "pdf-template/template-id/template-version-id.pdf": expected 4 or 5 path segments, got 3"`;

exports[`guard duty handler errors if the event scan result is ACCESS_DENIED 1`] = `
"[
  {
    "code": "invalid_value",
    "values": [
      "NO_THREATS_FOUND"
    ],
    "path": [
      "detail",
      "scanResultDetails",
      "scanResultStatus"
    ],
    "message": "Invalid input: expected \\"NO_THREATS_FOUND\\""
  }
]"
`;

exports[`guard duty handler errors if the event scan result is FAILED 1`] = `
"[
  {
    "code": "invalid_value",
    "values": [
      "NO_THREATS_FOUND"
    ],
    "path": [
      "detail",
      "scanResultDetails",
      "scanResultStatus"
    ],
    "message": "Invalid input: expected \\"NO_THREATS_FOUND\\""
  }
]"
`;

exports[`guard duty handler errors if the event scan result is THREATS_FOUND 1`] = `
"[
  {
    "code": "invalid_value",
    "values": [
      "NO_THREATS_FOUND"
    ],
    "path": [
      "detail",
      "scanResultDetails",
      "scanResultStatus"
    ],
    "message": "Invalid input: expected \\"NO_THREATS_FOUND\\""
  }
]"
`;

exports[`guard duty handler errors if the event scan result is UNSUPPORTED 1`] = `
"[
  {
    "code": "invalid_value",
    "values": [
      "NO_THREATS_FOUND"
    ],
    "path": [
      "detail",
      "scanResultDetails",
      "scanResultStatus"
    ],
    "message": "Invalid input: expected \\"NO_THREATS_FOUND\\""
  }
]"
`;
