// Jest Snapshot v1, https://goo.gl/fbAQLP

exports[`PreviewStandardEnglishLetterTemplateFromMessagePlan page renders Email template preview 1`] = `
<DocumentFragment>
  <a
    class="nhsuk-back-link"
    href="/message-plans/choose-standard-english-letter-template/fbb81055-79b9-4759-ac07-d191ae57be34"
  >
    Go back
  </a>
  <main
    class="nhsuk-main-wrapper"
    id="maincontent"
    role="main"
  >
    <div
      class="nhsuk-grid-row"
    >
      <div
        class="nhsuk-grid-column-full"
      >
        <div
          class="nhsuk-u-reading-width"
        >
          <span
            class="nhsuk-caption-l"
          >
            Template
          </span>
          <h1
            class="preview__heading"
            data-testid="preview-message__heading"
          >
            letter template name
          </h1>
        </div>
        <div
          class="nhsuk-width-container nhsuk-u-margin-bottom-6 nhsuk-body-m"
        >
          <dl
            class="nhsuk-summary-list nhsuk-u-margin-bottom-4 preview"
          >
            <div
              class="nhsuk-summary-list__row"
            >
              <dt
                class="nhsuk-summary-list__key"
              >
                Template ID
              </dt>
              <dd
                class="nhsuk-summary-list__value"
              >
                letter-template-id
              </dd>
            </div>
            <div
              class="nhsuk-summary-list__row"
            >
              <dt
                class="nhsuk-summary-list__key"
              >
                Type
              </dt>
              <dd
                class="nhsuk-summary-list__value"
              >
                Standard letter
              </dd>
            </div>
            <div
              class="nhsuk-summary-list__row"
            >
              <dt
                class="nhsuk-summary-list__key"
              >
                Template file
              </dt>
              <dd
                class="nhsuk-summary-list__value"
              >
                <div
                  class="container"
                >
                  <svg
                    aria-hidden="true"
                    class="icon"
                    fill="none"
                    height="26"
                    viewBox="0 0 20 26"
                    width="20"
                    xmlns="http://www.w3.org/2000/svg"
                  >
                    <path
                      d="M0 0V26H20V6.59375L19.7188 6.28125L13.7188 0.28125L13.4062 0H0ZM2 2H12V8H18V24H2V2ZM14 3.4375L16.5625 6H14V3.4375Z"
                      fill="#4C6272"
                    />
                  </svg>
                  <p
                    class="text"
                  >
                    template.pdf
                  </p>
                </div>
              </dd>
            </div>
          </dl>
        </div>
        <p>
          <a
            href="/message-plans/choose-standard-english-letter-template/fbb81055-79b9-4759-ac07-d191ae57be34"
          >
            Go back
          </a>
        </p>
      </div>
    </div>
  </main>
</DocumentFragment>
`;
