// Jest Snapshot v1, https://goo.gl/fbAQLP

exports[`LetterUploadRepository static parseKey errors if file extension does not match csv file type 1`] = `"Unexpected object key "test-data/owner-id/template-id/version-id.pdf""`;

exports[`LetterUploadRepository static parseKey errors if file extension does not match docx file type 1`] = `"Unexpected object key "docx-template/owner-id/template-id/version-id.pdf""`;

exports[`LetterUploadRepository static parseKey errors if file extension does not match pdf file type 1`] = `"Unexpected object key "pdf-template/owner-id/template-id/version-id.csv""`;

exports[`LetterUploadRepository static parseKey errors if filename has too many parts 1`] = `"Could not determine filename or extension from key: test-data/owner-id/template-id/version-id.unexpected.csv"`;

exports[`LetterUploadRepository static parseKey errors if invalid file type segment 1`] = `
"[
  {
    "code": "invalid_value",
    "values": [
      "docx-template",
      "pdf-template",
      "test-data",
      "proofs"
    ],
    "path": [
      "file-type"
    ],
    "message": "Invalid option: expected one of \\"docx-template\\"|\\"pdf-template\\"|\\"test-data\\"|\\"proofs\\""
  }
]"
`;

exports[`LetterUploadRepository static parseKey errors if key if too long 1`] = `"Invalid object key "too-long/test-data/owner-id/template-id/unexpected-path/version-id.csv": expected 4 or 5 path segments, got 6"`;

exports[`LetterUploadRepository static parseKey errors if key if too short 1`] = `"Invalid object key "test-data/owner-id/version-id.csv": expected 4 or 5 path segments, got 3"`;

exports[`LetterUploadRepository static parseKey errors if no file extension 1`] = `"Could not determine filename or extension from key: test-data/owner-id/template-id/version-id"`;
